Traceback (most recent call last):
  File "pairserver.py", line 1, in <module>
    import zmq
ImportError: No module named zmq
